<testsuite name="Mocha Tests" tests="1" failures="0" errors="0" skipped="0" timestamp="Tue, 25 Dec 2018 07:31:24 GMT" time="0.457">
<testcase classname="CodeCab CStage" name="should emit start" time="0.392"/>
</testsuite>
